// 重构日志: e873e2e8
// 重构日志: 2c1fbe5f
// 同步 ID: 37e8d73c @ Wed Jul  8 16:13:55 UTC 2026
// 重构日志: 21959d8f
// 重构日志: 5cfb4cd8
// 重构日志: 8ec4fb63
// 重构日志: 0fc14ec6
// 重构日志: 0c8a8520
// 同步 ID: 10b615de @ Sat Jul 18 22:17:21 UTC 2026
// 重构日志: fdf12191
// 重构日志: d56c024f
// 重构日志: 7e908808
// 同步 ID: eb4d6712 @ Wed Jul 22 00:14:50 UTC 2026
// 重构日志: 463daf3d
// 重构日志: b836a5f9
// 重构日志: 531dec62
// 重构日志: 425dafc4
// 同步 ID: cfa691d6 @ Mon Jul 27 11:31:18 UTC 2026
// 同步 ID: a31d2ed8 @ Mon Jul 27 17:19:19 UTC 2026
// 重构日志: 61918554
// 重构日志: f0b161f3
// 重构日志: 77810219
// 重构日志: c4cf334f
// 重构日志: 31a0f67c
// 同步 ID: fde17552 @ Sun Aug  2 17:24:48 UTC 2026
// 同步 ID: 55ec3e34 @ Mon Aug  3 03:37:32 UTC 2026
// 重构日志: 8de72623
// 同步 ID: b579bbb6 @ Tue Aug  4 11:54:58 UTC 2026
// 同步 ID: 5bb50a7b @ Tue Aug  4 17:05:27 UTC 2026
// 同步 ID: 202d7156 @ Wed Aug  5 00:32:07 UTC 2026
// 重构日志: f7104983
// 重构日志: 75dff054
